👋 This is mini-swe-agent version 2.4.1.
Check the v2 migration guide at https://klieret.short.gy/mini-v2-migration
Loading global config from '/home/lirui/.config/mini-swe-agent/.env'
'[Errno 101] Network is unreachable' thrown while requesting HEAD https://huggingface.co/datasets/princeton-nlp/SWE-bench_Lite/resolve/6ec7bb89b9342f664a54a6e0a6ea6501d3437cc2/SWE-bench_Lite.py
Retrying in 1s [Retry 1/5].
Using the latest cached version of the dataset since princeton-nlp/SWE-bench_Lite couldn't be found on the Hugging Face Hub
Found the latest cached dataset configuration 'default' at /home/lirui/.cache/huggingface/datasets/princeton-nlp___swe-bench_lite/default/0.0.0/6ec7bb89b9342f664a54a6e0a6ea6501d3437cc2 (last modified on Sun Jun 14 06:54:38 2026).
running 20 instances, workers=4, out=runs/baseline_gpt4o
minisweagent.environment: DEBUG: Starting container with command: docker run -d 
--name minisweagent-8c6328e6 -w /testbed --rm                                   
docker.io/swebench/sweb.eval.x86_64.astropy_1776_astropy-12907:latest sleep 2h  
minisweagent.environment: DEBUG: Starting container with command: docker run -d 
--name minisweagent-998c9cea -w /testbed --rm                                   
docker.io/swebench/sweb.eval.x86_64.django_1776_django-10924:latest sleep 2h    
minisweagent.environment: DEBUG: Starting container with command: docker run -d 
--name minisweagent-0612425c -w /testbed --rm                                   
docker.io/swebench/sweb.eval.x86_64.django_1776_django-10914:latest sleep 2h    
minisweagent.environment: DEBUG: Starting container with command: docker run -d 
--name minisweagent-72c3eb7c -w /testbed --rm                                   
docker.io/swebench/sweb.eval.x86_64.django_1776_django-11001:latest sleep 2h    
minisweagent.environment: INFO: Started container minisweagent-998c9cea with ID 
9921c2ec6b3bbce06de0e4a33e099fd2c0cee9d6c117e00dc1274743b9b9060d                
minisweagent.environment: INFO: Started container minisweagent-72c3eb7c with ID 
5a09658e029626f9dfb2972b172effd94d9aafe36683084b06f5daffe0a1d138                
minisweagent.environment: INFO: Started container minisweagent-0612425c with ID 
05a2420b05438f1f6636624671515ec61427b368f58bdb7ca4e755512ff6efd1                
minisweagent.environment: INFO: Started container minisweagent-8c6328e6 with ID 
625525dedd505bf9de541fd361f6dea662758cad4449672b12071edcd74d927b                
minisweagent: INFO: Saved trajectory to                                         
'runs/baseline_gpt4o/django__django-10914/django__django-10914.traj.json'       
  done django__django-10914 in 42s
minisweagent.environment: DEBUG: Starting container with command: docker run -d 
--name minisweagent-f3f9fc38 -w /testbed --rm                                   
docker.io/swebench/sweb.eval.x86_64.django_1776_django-11019:latest sleep 2h    
minisweagent.environment: INFO: Started container minisweagent-f3f9fc38 with ID 
37538d73e601f7bd9812743fe4f7029b0604fedb5684ddf76838b5182c345a35                
minisweagent: INFO: Saved trajectory to                                         
'runs/baseline_gpt4o/astropy__astropy-12907/astropy__astropy-12907.traj.json'   
  done astropy__astropy-12907 in 107s
minisweagent.environment: DEBUG: Starting container with command: docker run -d 
--name minisweagent-fafecd34 -w /testbed --rm                                   
docker.io/swebench/sweb.eval.x86_64.django_1776_django-11039:latest sleep 2h    
minisweagent.environment: INFO: Started container minisweagent-fafecd34 with ID 
fb45a41f7a75195839caf4c7df7fd6eb1fc56232f171cf2ded84d5bd20aecf82                
minisweagent: INFO: Saved trajectory to                                         
'runs/baseline_gpt4o/django__django-11039/django__django-11039.traj.json'       
  done django__django-11039 in 55s
minisweagent.environment: DEBUG: Starting container with command: docker run -d 
--name minisweagent-5758c51c -w /testbed --rm                                   
docker.io/swebench/sweb.eval.x86_64.matplotlib_1776_matplotlib-18869:latest     
sleep 2h                                                                        
minisweagent.environment: INFO: Started container minisweagent-5758c51c with ID 
4a573f524a1941110f6ff6d6e9ef4d628ad67562545587ef152f727b0d2a3bf2                
minisweagent: INFO: Saved trajectory to                                         
'runs/baseline_gpt4o/django__django-10924/django__django-10924.traj.json'       
  done django__django-10924 in 192s
minisweagent.environment: DEBUG: Starting container with command: docker run -d 
--name minisweagent-e06c938c -w /testbed --rm                                   
docker.io/swebench/sweb.eval.x86_64.matplotlib_1776_matplotlib-22711:latest     
sleep 2h                                                                        
minisweagent.environment: INFO: Started container minisweagent-e06c938c with ID 
96dced45e9ce54cf54a2e88e1d200a11f0d1a48d219a0397f0397732ad805a37                
minisweagent: INFO: Saved trajectory to                                         
'runs/baseline_gpt4o/django__django-11019/django__django-11019.traj.json'       
  done django__django-11019 in 181s
minisweagent.environment: DEBUG: Starting container with command: docker run -d 
--name minisweagent-d77be8fd -w /testbed --rm                                   
docker.io/swebench/sweb.eval.x86_64.mwaskom_1776_seaborn-2848:latest sleep 2h   
minisweagent.environment: INFO: Started container minisweagent-d77be8fd with ID 
e7ed3eae28b89adceb215c7ef3a723897f94c16ac721f92f030ae0a52672b316                
minisweagent: INFO: Saved trajectory to                                         
'runs/baseline_gpt4o/matplotlib__matplotlib-18869/matplotlib__matplotlib-18869.t
raj.json'                                                                       
  done matplotlib__matplotlib-18869 in 89s
minisweagent.environment: DEBUG: Starting container with command: docker run -d 
--name minisweagent-6af7e1fc -w /testbed --rm                                   
docker.io/swebench/sweb.eval.x86_64.pallets_1776_flask-4045:latest sleep 2h     
minisweagent.environment: INFO: Started container minisweagent-6af7e1fc with ID 
3dc6bf1b9d5d297409fb392c6489309e44b1d16af5794526d1993ef1cd271bea                
minisweagent: INFO: Saved trajectory to                                         
'runs/baseline_gpt4o/django__django-11001/django__django-11001.traj.json'       
  done django__django-11001 in 253s
minisweagent.environment: DEBUG: Starting container with command: docker run -d 
--name minisweagent-46fbb5f9 -w /testbed --rm                                   
docker.io/swebench/sweb.eval.x86_64.psf_1776_requests-1963:latest sleep 2h      
minisweagent.environment: INFO: Started container minisweagent-46fbb5f9 with ID 
d22092f6714760619563315306543d13a7b06402df77d76ab398e77e04cb1019                
minisweagent: INFO: Saved trajectory to                                         
'runs/baseline_gpt4o/matplotlib__matplotlib-22711/matplotlib__matplotlib-22711.t
raj.json'                                                                       
  done matplotlib__matplotlib-22711 in 226s
minisweagent.environment: DEBUG: Starting container with command: docker run -d 
--name minisweagent-7d61b18f -w /testbed --rm                                   
docker.io/swebench/sweb.eval.x86_64.pydata_1776_xarray-3364:latest sleep 2h     
minisweagent.environment: INFO: Started container minisweagent-7d61b18f with ID 
fa4d49fc1035c38795f2355425e6c038a710f23324aee74cadb79a97fb546fcb                
minisweagent: INFO: Saved trajectory to                                         
'runs/baseline_gpt4o/pallets__flask-4045/pallets__flask-4045.traj.json'         
  done pallets__flask-4045 in 182s
minisweagent.environment: DEBUG: Starting container with command: docker run -d 
--name minisweagent-e16e092a -w /testbed --rm                                   
docker.io/swebench/sweb.eval.x86_64.pylint-dev_1776_pylint-5859:latest sleep 2h 
minisweagent.environment: INFO: Started container minisweagent-e16e092a with ID 
13653eaf258aa3dc27ddac818a25540de13145e6c41d819fa8749edc1feac32f                
minisweagent: INFO: Saved trajectory to                                         
'runs/baseline_gpt4o/psf__requests-1963/psf__requests-1963.traj.json'           
  done psf__requests-1963 in 215s
minisweagent.environment: DEBUG: Starting container with command: docker run -d 
--name minisweagent-322e63da -w /testbed --rm                                   
docker.io/swebench/sweb.eval.x86_64.pytest-dev_1776_pytest-11143:latest sleep 2h
minisweagent.environment: INFO: Started container minisweagent-322e63da with ID 
0a78eaeddefafcc40079fbef6fbf6d127de6c7c10be2c0b8556cfa26da3d4a76                
minisweagent: INFO: Saved trajectory to                                         
'runs/baseline_gpt4o/pytest-dev__pytest-11143/pytest-dev__pytest-11143.traj.json
'                                                                               
  done pytest-dev__pytest-11143 in 83s
minisweagent.environment: DEBUG: Starting container with command: docker run -d 
--name minisweagent-3c3f77a3 -w /testbed --rm                                   
docker.io/swebench/sweb.eval.x86_64.scikit-learn_1776_scikit-learn-10297:latest 
sleep 2h                                                                        
minisweagent.environment: INFO: Started container minisweagent-3c3f77a3 with ID 
0fc2f281f2b4092e2d0fa4341e69054dd592191b072e66393c1a8f94c763b127                
minisweagent: INFO: Saved trajectory to                                         
'runs/baseline_gpt4o/pydata__xarray-3364/pydata__xarray-3364.traj.json'         
  done pydata__xarray-3364 in 154s
minisweagent.environment: DEBUG: Starting container with command: docker run -d 
--name minisweagent-9415ccad -w /testbed --rm                                   
docker.io/swebench/sweb.eval.x86_64.scikit-learn_1776_scikit-learn-10508:latest 
sleep 2h                                                                        
minisweagent.environment: INFO: Started container minisweagent-9415ccad with ID 
7dfcffc1a9f588c1d523c11425e711631ec1f1f375cef68178f36dcb8ab80bac                
minisweagent: INFO: Saved trajectory to                                         
'runs/baseline_gpt4o/scikit-learn__scikit-learn-10297/scikit-learn__scikit-learn
-10297.traj.json'                                                               
  done scikit-learn__scikit-learn-10297 in 52s
minisweagent.environment: DEBUG: Starting container with command: docker run -d 
--name minisweagent-278c1142 -w /testbed --rm                                   
docker.io/swebench/sweb.eval.x86_64.sphinx-doc_1776_sphinx-10325:latest sleep 2h
minisweagent.environment: INFO: Started container minisweagent-278c1142 with ID 
6d5dce6c3f833a34464d640b3808fb7369b2242581878fc51c7764856d0890ca                
minisweagent: INFO: Saved trajectory to                                         
'runs/baseline_gpt4o/scikit-learn__scikit-learn-10508/scikit-learn__scikit-learn
-10508.traj.json'                                                               
  done scikit-learn__scikit-learn-10508 in 105s
minisweagent.environment: DEBUG: Starting container with command: docker run -d 
--name minisweagent-2a2b614c -w /testbed --rm                                   
docker.io/swebench/sweb.eval.x86_64.sympy_1776_sympy-11400:latest sleep 2h      
minisweagent.environment: INFO: Started container minisweagent-2a2b614c with ID 
f172a13de03a32b01516bc2531ce84948fe8943b5ab2e153fc8392617e62a604                
minisweagent: INFO: Saved trajectory to                                         
'runs/baseline_gpt4o/sphinx-doc__sphinx-10325/sphinx-doc__sphinx-10325.traj.json
'                                                                               
  done sphinx-doc__sphinx-10325 in 87s
minisweagent.environment: DEBUG: Starting container with command: docker run -d 
--name minisweagent-0a85089a -w /testbed --rm                                   
docker.io/swebench/sweb.eval.x86_64.sympy_1776_sympy-11870:latest sleep 2h      
minisweagent.environment: INFO: Started container minisweagent-0a85089a with ID 
f788b3be5be736377354c9ada7ea676a2d8770dce285e92bc274bdb87bc30433                
minisweagent: INFO: Saved trajectory to                                         
'runs/baseline_gpt4o/pylint-dev__pylint-5859/pylint-dev__pylint-5859.traj.json' 
  done pylint-dev__pylint-5859 in 460s
minisweagent.environment: DEBUG: Starting container with command: docker run -d 
--name minisweagent-34f05f20 -w /testbed --rm                                   
docker.io/swebench/sweb.eval.x86_64.sympy_1776_sympy-11897:latest sleep 2h      
minisweagent.environment: INFO: Started container minisweagent-34f05f20 with ID 
e75bf7ff9001bd24c3faa6f2f870827481a4680ec6118049ed488591f21540e1                
minisweagent: INFO: Saved trajectory to                                         
'runs/baseline_gpt4o/mwaskom__seaborn-2848/mwaskom__seaborn-2848.traj.json'     
  done mwaskom__seaborn-2848 in 699s
minisweagent: INFO: Saved trajectory to                                         
'runs/baseline_gpt4o/sympy__sympy-11400/sympy__sympy-11400.traj.json'           
  done sympy__sympy-11400 in 396s
minisweagent: INFO: Saved trajectory to                                         
'runs/baseline_gpt4o/sympy__sympy-11870/sympy__sympy-11870.traj.json'           
  done sympy__sympy-11870 in 388s
minisweagent: INFO: Saved trajectory to                                         
'runs/baseline_gpt4o/sympy__sympy-11897/sympy__sympy-11897.traj.json'           
  done sympy__sympy-11897 in 210s

=== per-task metrics ===
instance                         exit           rnds     tok     $tok      $ll  wall_s patch
django__django-10914             Submitted        10   48017   0.1268   0.1270      42  True
django__django-10924             Submitted        26  217930   0.5685   0.5689     192  True
django__django-11001             Submitted        38  342104   0.8835   0.8841     253  True
django__django-11019             Submitted        26  275874   0.7148   0.7152     181  True
django__django-11039             Submitted         8   24326   0.0660   0.0661      55  True
sympy__sympy-11400               LimitsExceeded   71 1197379   3.0496   3.0509     396 False
sympy__sympy-11870               LimitsExceeded   65 1198007   3.0544   3.0555     388 False
sympy__sympy-11897               Submitted        34  491357   1.2628   1.2634     210  True
matplotlib__matplotlib-18869     Submitted        17  116186   0.3022   0.3025      89  True
matplotlib__matplotlib-22711     Submitted        33  454334   1.1576   1.1582     226  True
scikit-learn__scikit-learn-10297 Submitted        14   83481   0.2198   0.2200      52  True
scikit-learn__scikit-learn-10508 Submitted        19  153827   0.4044   0.4047     105  True
pytest-dev__pytest-11143         Submitted        17  134712   0.3488   0.3491      83  True
sphinx-doc__sphinx-10325         Submitted        20  151035   0.3941   0.3944      87  True
astropy__astropy-12907           Submitted        18   91059   0.2430   0.2433     107 False
psf__requests-1963               Submitted        29  223151   0.5795   0.5800     216  True
pylint-dev__pylint-5859          LimitsExceeded   78 1197733   3.0527   3.0541     460 False
pydata__xarray-3364              Submitted        29  267016   0.6936   0.6941     154  True
mwaskom__seaborn-2848            LimitsExceeded   70 1178090   3.0014   3.0027     700 False
pallets__flask-4045              Submitted        38  263175   0.6872   0.6879     182  True

=== summary ===
{
  "n": 20,
  "total_wall_time_s": 1102.3,
  "sum_total_tokens": 8108793,
  "sum_usd_tokens": 20.8107,
  "sum_usd_litellm": 20.8222,
  "avg_rounds": 33.0,
  "patches_nonempty": 15
}
