👋 This is mini-swe-agent version 2.4.1.
Check the v2 migration guide at https://klieret.short.gy/mini-v2-migration
Loading global config from '/home/lirui/.config/mini-swe-agent/.env'
Using the latest cached version of the dataset since princeton-nlp/SWE-bench_Lite couldn't be found on the Hugging Face Hub
Found the latest cached dataset configuration 'default' at /home/lirui/.cache/huggingface/datasets/princeton-nlp___swe-bench_lite/default/0.0.0/6ec7bb89b9342f664a54a6e0a6ea6501d3437cc2 (last modified on Sun Jun 14 06:54:38 2026).
RAPS on 5 instances | workers=4 | step_limit=30
minisweagent.environment: DEBUG: Starting container with command: docker run -d 
--name minisweagent-7a43a0d8 -w /testbed --rm                                   
docker.io/swebench/sweb.eval.x86_64.django_1776_django-11001:latest sleep 2h    
minisweagent.environment: DEBUG: Starting container with command: docker run -d 
--name minisweagent-7fc2a81e -w /testbed --rm                                   
docker.io/swebench/sweb.eval.x86_64.pytest-dev_1776_pytest-11143:latest sleep 2h
minisweagent.environment: DEBUG: Starting container with command: docker run -d 
--name minisweagent-68917aa8 -w /testbed --rm                                   
docker.io/swebench/sweb.eval.x86_64.scikit-learn_1776_scikit-learn-10508:latest 
sleep 2h                                                                        
minisweagent.environment: DEBUG: Starting container with command: docker run -d 
--name minisweagent-7786ec82 -w /testbed --rm                                   
docker.io/swebench/sweb.eval.x86_64.matplotlib_1776_matplotlib-22711:latest     
sleep 2h                                                                        
minisweagent.environment: INFO: Started container minisweagent-7a43a0d8 with ID 
62e072545f566e414c03bb82e3af328acf12114fdcf11d92ee3f6fabdae09892                
minisweagent.environment: INFO: Started container minisweagent-7786ec82 with ID 
bb8ea4be45320e8448ccbdda3be30c97efb251dd570c400032564e6de9c58cef                
minisweagent.environment: INFO: Started container minisweagent-68917aa8 with ID 
e7a834d19a158f4bcd1e6f8a70065e0d012ece97c1c7eb899ce6ddeb5bf78583                
minisweagent.environment: INFO: Started container minisweagent-7fc2a81e with ID 
021c68662a14093dd569e46b50c9c17241a9c9659527da563088ac18adde63ec                
  done pytest-dev__pytest-11143: Submitted in 319s
minisweagent.environment: DEBUG: Starting container with command: docker run -d 
--name minisweagent-25cb7b56 -w /testbed --rm                                   
docker.io/swebench/sweb.eval.x86_64.sympy_1776_sympy-11400:latest sleep 2h      
minisweagent.environment: INFO: Started container minisweagent-25cb7b56 with ID 
70b4932e33171958ccaeb69782cca14255de323afe37f76340945c710b97d95b                
  done scikit-learn__scikit-learn-10508: Submitted in 320s
  done django__django-11001: BestEffortSubmit in 340s
  done matplotlib__matplotlib-22711: BestEffortSubmit in 491s
  done sympy__sympy-11400: BestEffortSubmit in 302s

=== RAPS metrics ===
{'instance_id': 'django__django-11001', 'exit': 'BestEffortSubmit', 'rounds': 30, 'llm_calls': 68, 'tokens': 278636, 'usd': 0.043972, 'wall_s': 340.3, 'patch_nonempty': True}
{'instance_id': 'pytest-dev__pytest-11143', 'exit': 'Submitted', 'rounds': 28, 'llm_calls': 68, 'tokens': 287959, 'usd': 0.045447, 'wall_s': 318.8, 'patch_nonempty': True}
{'instance_id': 'scikit-learn__scikit-learn-10508', 'exit': 'Submitted', 'rounds': 27, 'llm_calls': 60, 'tokens': 345100, 'usd': 0.053496, 'wall_s': 320.2, 'patch_nonempty': True}
{'instance_id': 'matplotlib__matplotlib-22711', 'exit': 'BestEffortSubmit', 'rounds': 30, 'llm_calls': 74, 'tokens': 296522, 'usd': 0.047371, 'wall_s': 491.4, 'patch_nonempty': True}
{'instance_id': 'sympy__sympy-11400', 'exit': 'BestEffortSubmit', 'rounds': 30, 'llm_calls': 66, 'tokens': 276255, 'usd': 0.043404, 'wall_s': 302.1, 'patch_nonempty': True}

=== summary ===
{
  "n": 5,
  "total_wall_time_s": 620.9,
  "patches_nonempty": 5,
  "sum_usd": 0.2337,
  "sum_tokens": 1484472,
  "avg_rounds": 29.0,
  "avg_llm_calls": 67.2
}
