/home/tiger/miniconda3/envs/raps/lib/python3.12/site-packages/class_registry/entry_points.py:7: UserWarning: pkg_resources is deprecated as an API. See https://setuptools.pypa.io/en/latest/pkg_resources.html. The pkg_resources package is slated for removal as early as 2025-11-30. Refrain from using this package or pin to Setuptools<81.
  from pkg_resources import iter_entry_points
A/B tool_verify on GSM8K | 60 questions | top_k=1 max_steps=3
[BROKER] Predicted next task: As an Inspector, I will evaluate the mathematical analysis and calculations provided by previous agents to ensure their logic is sound and accurate. I will verify the steps taken to solve the problem, confirm the correctness of the final result, and provide my own step-by-step reasoning based on the hints given. My output will conclude with the final result, presented without any units.
[BROKER-EMBEDDING] Top-1 (Threshold 0.3): ['Inspector_m3V5']
[BROKER] Predicted next task: The most suitable downstream role for this task is **Mathematical Analyst_oL2o**. This role specializes in analyzing word problems involving daily production and sales, making it ideal for calculating the total number of eggs Janet has, determining how many she sells, and calculating her daily earnings. The focus is on a step-by-step analysis leading to a final numerical result without units.
[BROKER-EMBEDDING] Top-1 (Threshold 0.3): ['Mathematical Analyst_oL2o']
[BROKER] Predicted next task: The most suitable downstream role for this scenario is **Inspector_m3V5**. This role involves verifying the mathematical analysis provided by the previous agent, ensuring the calculations are correct, and confirming that the logic aligns with the problem requirements. The Inspector will also summarize the findings and present the final result succinctly.
[BROKER-EMBEDDING] Top-1 (Threshold 0.3): ['Inspector_m3V5']
[BROKER] Predicted next task: The most suitable downstream role is **Mathematical Analyst_oL2o**. This role focuses on calculating the total amount of fiber needed by identifying the required quantities of blue and white fiber, summing them, and presenting the final result as a single number without any units. The previous agent's output aligns with this role's task of summarizing the calculation process and providing a clear final answer.
[BROKER-EMBEDDING] Top-1 (Threshold 0.3): ['Mathematical Analyst_oL2o']
[BROKER] Predicted next task: As an Inspector, I will verify the accuracy of the mathematical analysis and calculations provided by previous agents. I will ensure that the logic is sound and that any corresponding code aligns with the solution analysis. My role involves a step-by-step examination of the problem-solving process, ultimately confirming the final result.
[BROKER-EMBEDDING] Top-1 (Threshold 0.3): ['Inspector_m3V5']
[BROKER] Predicted next task: The most suitable downstream role is **Mathematical Analyst_oL2o**. This role focuses on financial analysis in real estate investments, requiring the identification of total investment, calculation of increased property value after appreciation, and determination of profit. The analyst will present the final profit amount as a single number without any units, aligning perfectly with the calculations already verified by the Inspector.
[BROKER-EMBEDDING] Top-1 (Threshold 0.3): ['Mathematical Analyst_oL2o']
[BROKER] Predicted next task: The most suitable downstream role is **Inspector_m3V5**. This role involves verifying the logic and calculations provided by the Mathematical Analyst, ensuring the analysis is correct, and confirming that the final result aligns with the calculations. The Inspector will also provide a step-by-step solving process based on the hints given, culminating in a concise final result.
[BROKER-EMBEDDING] Top-1 (Threshold 0.3): ['Inspector_m3V5']
[BROKER] Predicted next task: The most suitable downstream role is **Mathematical Analyst_oL2o**. This role focuses on calculating the total distance based on the provided sprinting routine, clearly identifying the variables and applying the formula to compute the result. The output is presented as a single number without any units, aligning perfectly with the task at hand.
[BROKER-EMBEDDING] Top-1 (Threshold 0.3): ['Mathematical Analyst_oL2o']
[BROKER] Predicted next task: I will take on the role of **Inspector_m3V5**. My task is to verify the logic and calculations provided by the previous agent regarding the feed requirement for Wendi's chickens. I will ensure that the analysis is correct and that any corresponding code aligns with the solution process. Finally, I will present my own step-by-step reasoning and conclude with the final result.
[BROKER-EMBEDDING] Top-1 (Threshold 0.3): ['Inspector_m3V5']
[BROKER] Predicted next task: The most suitable downstream role for this scenario is **Mathematical Analyst_oL2o**. This role involves systematically solving Wendi's chicken feeding problem by calculating the total feed needed, summing the feed already given, and determining the amount required for the final meal. The analyst will present the final result as a single number without any units, ensuring clarity and precision in the solution.
[BROKER-EMBEDDING] Top-1 (Threshold 0.3): ['Mathematical Analyst_oL2o']
[BROKER] Predicted next task: The most suitable downstream role is **Inspector_m3V5**. This role involves verifying the logic and calculations provided by the Mathematical Analyst, ensuring the analysis is correct, and confirming that the final result aligns with the calculations. The Inspector will also provide a step-by-step breakdown of the reasoning process based on the hints given, culminating in a concise final result.
[BROKER-EMBEDDING] Top-1 (Threshold 0.3): ['Inspector_m3V5']
[BROKER] Predicted next task: The most suitable downstream role for this scenario is **Mathematical Analyst_oL2o**. This role involves analyzing the pricing structure step by step, determining the number of glasses at full price and discounted price, and calculating the total cost for Kylar's purchase of 16 glasses. The focus is on presenting the final result as a single number without any units, which aligns with the previous agent's output and the task requirements.
[BROKER-EMBEDDING] Top-1 (Threshold 0.3): ['Mathematical Analyst_oL2o']
[BROKER] Predicted next task: As the Inspector, I will verify the logic and calculations provided by the Mathematical Analyst regarding the distribution of sheep in Seattle, Charleston, and Toulouse. I will ensure that the relationships and substitutions are correctly applied, and I will confirm that the final total of sheep is accurate. My output will include a step-by-step breakdown of the reasoning process, culminating in the final result without any units.
[BROKER-EMBEDDING] Top-1 (Threshold 0.3): ['Inspector_m3V5']
[BROKER] Predicted next task: The most suitable downstream role is **Mathematical Analyst_oL2o**. This role involves defining variables for the number of sheep in Seattle, Charleston, and Toulouse, using given relationships to express the quantities in terms of Seattle's sheep, substituting known values, and calculating the total number of sheep across all locations. The final result will be presented as a single number without any units.
[BROKER-EMBEDDING] Top-1 (Threshold 0.3): ['Mathematical Analyst_oL2o']
[BROKER] Predicted next task: The most suitable downstream role is **Inspector_m3V5**. This role involves verifying the logic and calculations provided by the Mathematical Analyst, ensuring the analysis is correct, and confirming that the final result aligns with the calculations. The Inspector will also provide a step-by-step solving process based on the hints given, culminating in a concise final answer.
[BROKER-EMBEDDING] Top-1 (Threshold 0.3): ['Inspector_m3V5']
[BROKER] Predicted next task: The most suitable downstream role for this scenario is **Mathematical Analyst_oL2o**. This role specializes in download time calculations, requiring a step-by-step analysis of the problem, including determining total download time, accounting for partial downloads, and incorporating any interruptions like restarts. The analyst will present calculations clearly and conclude with the final total download time in minutes, ensuring clarity and accuracy in the process.
[BROKER-EMBEDDING] Top-1 (Threshold 0.3): ['Mathematical Analyst_oL2o']
[BROKER] Predicted next task: As an Inspector, I will evaluate the mathematical analysis provided by the Mathematical Analyst, ensuring the calculations and logic are accurate. I will verify each phase of John's journey, confirm the total distance calculations, and assess the correctness of the final result. My output will summarize the findings and present the final answer succinctly.
[BROKER-EMBEDDING] Top-1 (Threshold 0.3): ['Inspector_m3V5']
[BROKER] Predicted next task: The most suitable downstream role for this scenario is **Mathematical Analyst_oL2o**. This role involves breaking down John's journey into distinct phases, calculating the distance traveled in each segment, and determining the final distance from home. The analyst will present the calculations step by step and conclude with the final distance in the specified format.
[BROKER-EMBEDDING] Top-1 (Threshold 0.3): ['Mathematical Analyst_oL2o']
[BROKER] Predicted next task: The most suitable downstream role is **Inspector_m3V5**. This role involves verifying the logic and calculations provided by the Mathematical Analyst, ensuring the accuracy of the earnings calculation process, and confirming that the final result aligns with the analysis. The Inspector will also provide a step-by-step breakdown of the reasoning to validate the solution.
[BROKER-EMBEDDING] Top-1 (Threshold 0.3): ['Inspector_m3V5']
[BROKER] Predicted next task: The most suitable downstream role for this task is **Mathematical Analyst_oL2o**. This role specializes in payroll calculations and requires breaking down Eliza's earnings into clear steps: calculating her regular earnings for the first 40 hours, determining her overtime pay for the additional hours, and summing these amounts to find her total earnings for the week. The final result will be presented as a single number without any units.
[BROKER-EMBEDDING] Top-1 (Threshold 0.3): ['Mathematical Analyst_oL2o']
[BROKER] Predicted next task: The most suitable downstream role is **Inspector_m3V5**. This role involves verifying the logic and calculations provided by the Mathematical Analyst, ensuring the accuracy of the solution process. The Inspector will analyze the steps taken to calculate the total downloads, confirm the correctness of the calculations, and provide a final result based on the analysis.
[BROKER-EMBEDDING] Top-1 (Threshold 0.3): ['Inspector_m3V5']
[BROKER] Predicted next task: The most suitable downstream role is **Mathematical Analyst_oL2o**. This role involves calculating the total number of downloads over three months by defining the variables for each month's downloads, performing the necessary calculations, and providing the final result as a single number without any units. The previous agent's output has already laid out the calculations, making this role ideal for summarizing and presenting the final answer.
[BROKER-EMBEDDING] Top-1 (Threshold 0.3): ['Mathematical Analyst_oL2o']
[BROKER] Predicted next task: The most suitable downstream role is **Inspector_m3V5**. This role involves verifying the calculations and logic provided by the Mathematical Analyst regarding the total cost of pastries. The Inspector will ensure that the analysis is accurate and that the final result aligns with the calculations presented. The focus will be on confirming the correctness of the mathematical reasoning and the final total.
[BROKER-EMBEDDING] Top-1 (Threshold 0.3): ['Inspector_m3V5']
[BROKER] Predicted next task: The most suitable downstream role is **Mathematical Analyst_oL2o**. This role focuses on calculating the total cost of pastries by identifying quantities and costs, performing the necessary multiplications, and summing the results to present the final total as a single number without units. This aligns perfectly with the previous agent's detailed calculations and verification of each pastry type's cost.
[BROKER-EMBEDDING] Top-1 (Threshold 0.3): ['Mathematical Analyst_oL2o']
[BROKER] Predicted next task: As an Inspector, I will evaluate the mathematical analysis provided by previous agents, ensuring the logic and calculations are accurate. I will verify the correctness of the problem-solving process and, if applicable, assess the corresponding code. My final output will summarize the findings and present the ultimate result succinctly.
[BROKER-EMBEDDING] Top-1 (Threshold 0.3): ['Inspector_m3V5']
[BROKER] Predicted next task: The most suitable downstream role is [Mathematical Analyst_oL2o]. This role focuses on financial analysis, specifically cost-benefit analysis for agricultural investments. It involves calculating initial costs, annual revenues, and expenses, and determining the break-even point for investments, such as Carlos planting a lemon tree. The output will include step-by-step calculations leading to the final number of years before profitability.
[BROKER-EMBEDDING] Top-1 (Threshold 0.3): ['Mathematical Analyst_oL2o']
[BROKER] Predicted next task: As the Inspector, I will verify the logic and calculations presented in the previous analysis of the math problem regarding Melanie's vacuum cleaners. I will ensure that the steps taken to derive the final result are accurate and coherent. Additionally, I will confirm whether any provided code aligns with the solution process. My final output will summarize the correctness of the analysis and present the final result succinctly.
[BROKER-EMBEDDING] Top-1 (Threshold 0.3): ['Inspector_m3V5']
[BROKER] Predicted next task: The most suitable downstream role for this scenario is **Mathematical Analyst_oL2o**. This role specializes in breaking down word problems involving sales and inventory, using variables to represent quantities and analyzing each step of the sales process. The agent will set up the equation based on the final count of vacuum cleaners left and solve for the initial quantity, providing the final result as a single number without any units.
[BROKER-EMBEDDING] Top-1 (Threshold 0.3): ['Mathematical Analyst_oL2o']
[BROKER] Predicted next task: The most suitable downstream role is **Inspector_m3V5**. This role involves verifying the logic and calculations provided by the previous agent, ensuring the analysis is correct, and confirming that the final result aligns with the problem-solving process. The Inspector will provide a step-by-step breakdown based on the hints given, ultimately delivering the final answer succinctly.
[BROKER-EMBEDDING] Top-1 (Threshold 0.3): ['Inspector_m3V5']
[BROKER] Predicted next task: The most suitable downstream role is **Mathematical Analyst_oL2o**. This role focuses on solving percentage problems related to student enrollment in dance classes by systematically calculating the number of students in each category and expressing the final result as a percentage of the total. The analyst will follow the provided hints and calculations to ensure accuracy and clarity in the final answer.
[BROKER-EMBEDDING] Top-1 (Threshold 0.3): ['Mathematical Analyst_oL2o']
[BROKER] Predicted next task: As an Inspector, I will evaluate the mathematical analysis provided by the previous agent, ensuring the calculations for both jewelry and electronic gadgets investments are accurate. I will verify the logic behind the profit comparisons and confirm that the conclusions drawn are valid. My final output will summarize the correctness of the analysis and present the final profit amount for the more profitable investment option.
[BROKER-EMBEDDING] Top-1 (Threshold 0.3): ['Inspector_m3V5']
[BROKER] Predicted next task: The most suitable downstream role is **Mathematical Analyst_oL2o**. This role specializes in analyzing investment decisions by calculating potential profits from various options, presenting results clearly, and concluding with the final profit amount for the more profitable option. Given the context of comparing jewelry and electronic gadgets investments, this role aligns perfectly with the need to evaluate and summarize the financial outcomes effectively.
[BROKER-EMBEDDING] Top-1 (Threshold 0.3): ['Mathematical Analyst_oL2o']
[BROKER] Predicted next task: The most suitable downstream role is **Inspector_m3V5**. This role involves verifying the correctness of the mathematical analysis and calculations provided by the previous agent. The Inspector will ensure that the logic is sound and that the final result aligns with the analysis, providing a step-by-step breakdown of the reasoning process. The final output will present the correct answer without any units.
[BROKER-EMBEDDING] Top-1 (Threshold 0.3): ['Inspector_m3V5']
[BROKER] Predicted next task: The most suitable downstream role for this scenario is **Mathematical Analyst_oL2o**. This role involves breaking down the problem of calculating the total distance covered by the two trains into distinct parts, representing the distances with variables, substituting the given values, and summing the distances to find the final result. The focus is on a clear analytical approach to arrive at the total distance as a single number without units.
[BROKER-EMBEDDING] Top-1 (Threshold 0.3): ['Mathematical Analyst_oL2o']
[BROKER] Predicted next task: As the Inspector, I will verify the accuracy of the mathematical analysis provided by the Mathematical Analyst, ensuring that the calculations for Jill's annual salary are correct. I will assess the logic and methodology used in the analysis, and if applicable, evaluate any code related to the solution. My final output will summarize the correctness of the calculations and present the final result succinctly.
[BROKER-EMBEDDING] Top-1 (Threshold 0.3): ['Inspector_m3V5']
[BROKER] Predicted next task: The most suitable downstream role is **Mathematical Analyst_oL2o**. This role focuses on calculating Jill's annual salary by identifying total hours worked, calculating weekly earnings from teaching and coaching, and multiplying by the number of weeks worked in a year. The analyst will present the final result as a single number without any units, ensuring clarity and precision in the calculation process.
[BROKER-EMBEDDING] Top-1 (Threshold 0.3): ['Mathematical Analyst_oL2o']
[BROKER] Predicted next task: The most suitable downstream role for this scenario is **Inspector_m3V5**. This role involves verifying the correctness of the mathematical analysis and calculations provided by the Mathematical Analyst, ensuring that the logic is sound and that the final result is accurate. The Inspector will also provide a step-by-step explanation of the reasoning process, culminating in the final answer.
[BROKER-EMBEDDING] Top-1 (Threshold 0.3): ['Inspector_m3V5']
[BROKER] Predicted next task: The most suitable downstream role is [Mathematical Analyst_oL2o]. This role involves calculating the total number of dozens of eggs consumed over a specified period, using a straightforward mathematical approach. The analyst will multiply the number of eggs per omelet by the total days and convert the result into dozens, presenting the final answer as a whole number without any units.
[BROKER-EMBEDDING] Top-1 (Threshold 0.3): ['Mathematical Analyst_oL2o']
[BROKER] Predicted next task: The most suitable downstream role is **Inspector_m3V5**. This role involves verifying the logic and calculations provided by the Mathematical Analyst, ensuring the analysis is correct, and confirming that the conclusions drawn align with the problem-solving process. The Inspector will also provide a step-by-step breakdown based on the hints given, ultimately delivering the final result succinctly.
[BROKER-EMBEDDING] Top-1 (Threshold 0.3): ['Inspector_m3V5']
[BROKER] Predicted next task: The most suitable downstream role is **Mathematical Analyst_oL2o**. This role involves systematically solving a specific problem related to average speed by calculating the total time spent hiking, the required time for the entire distance, the remaining distance, and the necessary speed to maintain. The final answer will be presented as a single number without any units, ensuring clarity and precision in the solution process.
[BROKER-EMBEDDING] Top-1 (Threshold 0.3): ['Mathematical Analyst_oL2o']
[BROKER] Predicted next task: As an Inspector, I will verify the accuracy of the mathematical analysis and calculations provided by previous agents. I will ensure that the logic is sound and that any corresponding code aligns with the solution process. My output will include a step-by-step breakdown of the reasoning, culminating in a final result without units.
[BROKER-EMBEDDING] Top-1 (Threshold 0.3): ['Inspector_m3V5']
[BROKER] Predicted next task: The most suitable downstream role for this task is **Mathematical Analyst_oL2o**. This role focuses on analyzing the composition of the orange and pineapple drinks, calculating the total volume of water before and after the spillage, and clearly outlining each step of the analysis. The final result will be presented as a single number without any units, ensuring clarity and precision in the calculations related to the mixture problem.
[BROKER-EMBEDDING] Top-1 (Threshold 0.3): ['Mathematical Analyst_oL2o']
[BROKER] Predicted next task: The most suitable downstream role is **Inspector_m3V5**. This role involves verifying the logic and calculations provided by the Mathematical Analyst, ensuring the analysis is correct, and confirming that the conclusions drawn are accurate. The Inspector will also provide a step-by-step reasoning process based on the hints given, culminating in a final result.
[BROKER-EMBEDDING] Top-1 (Threshold 0.3): ['Inspector_m3V5']
[BROKER] Predicted next task: The most suitable downstream role is **Mathematical Analyst_oL2o**. This role involves solving an age-related problem by identifying the ages of Raymond and Samantha, determining when Raymond had his son, and calculating how many years ago that was. The analyst will present the calculations step by step, clearly showing relationships and substitutions, and conclude with the final result, stating only the number of years ago without any units.
[BROKER-EMBEDDING] Top-1 (Threshold 0.3): ['Mathematical Analyst_oL2o']
[BROKER] Predicted next task: As the Inspector, I will evaluate the mathematical analysis provided by the Mathematical Analyst, ensuring the calculations and logic are accurate. I will verify the steps taken to determine the total number of DVDs sold and confirm that the reasoning aligns with the final result. If applicable, I will also assess any code provided to ensure it corresponds correctly to the solution analysis. My final output will present the confirmed result succinctly.
[BROKER-EMBEDDING] Top-1 (Threshold 0.3): ['Inspector_m3V5']
[BROKER] Predicted next task: The most suitable downstream role is **Mathematical Analyst_oL2o**. This role focuses on analyzing sales data step by step, identifying the number of DVDs sold by each group of customers, and calculating the total sales. It requires a clear presentation of the final result as a single number without any units, aligning perfectly with the previous agent's output and the need for a detailed breakdown of the sales data.
[BROKER-EMBEDDING] Top-1 (Threshold 0.3): ['Mathematical Analyst_oL2o']
[BROKER] Predicted next task: The most suitable downstream role is **Inspector_m3V5**. This role involves verifying the correctness of the mathematical analysis provided by the previous agent, ensuring that the calculations and logic are accurate. The Inspector will also provide a step-by-step explanation of the problem-solving process based on the hints given, culminating in a final result without any units.
[BROKER-EMBEDDING] Top-1 (Threshold 0.3): ['Inspector_m3V5']
[BROKER] Predicted next task: The most suitable downstream role is **Mathematical Analyst_oL2o**. This role focuses on analyzing the problem step by step, confirming the total burning time of the candle, and calculating the total centimeters it will shorten based on the melting rate. The final result will be presented as a single number without any units, aligning perfectly with the previous agent's output and the requirements of the task.
[BROKER-EMBEDDING] Top-1 (Threshold 0.3): ['Mathematical Analyst_oL2o']
[BROKER] Predicted next task: The most suitable downstream role is **Inspector_m3V5**. This role involves verifying the mathematical analysis provided by the previous agent, ensuring the calculations are correct, and confirming that the logic aligns with the problem-solving process. The Inspector will also provide a step-by-step explanation based on the hints given, culminating in a final result.
[BROKER-EMBEDDING] Top-1 (Threshold 0.3): ['Inspector_m3V5']
[BROKER] Predicted next task: The most suitable downstream role is **Mathematical Analyst_oL2o**. This role specializes in percentage calculations and is tasked with determining the original price of a book given its discounted price and discount percentage. The agent will define the variables, express the relationship mathematically, and solve for the original price step by step, presenting the final result as a single number without any units.
[BROKER-EMBEDDING] Top-1 (Threshold 0.3): ['Mathematical Analyst_oL2o']
[BROKER] Predicted next task: As an Inspector, I will verify the accuracy of the mathematical analysis provided by previous agents, ensuring that the calculations and logic are correct. I will also assess any corresponding code for consistency with the solution analysis. My output will include a step-by-step breakdown of the problem-solving process, culminating in a final result without any units.
[BROKER-EMBEDDING] Top-1 (Threshold 0.3): ['Inspector_m3V5']
[BROKER] Predicted next task: The most suitable downstream role is **Mathematical Analyst_oL2o**. This role focuses on solving specific cost calculation problems by identifying total costs, determining remaining amounts, and calculating quantities based on given prices. It requires a clear step-by-step approach to arrive at a final numerical result without units, making it ideal for the task at hand.
[BROKER-EMBEDDING] Top-1 (Threshold 0.3): ['Mathematical Analyst_oL2o']
[BROKER] Predicted next task: As the Inspector, I will verify the calculations and logic provided by the Mathematical Analyst regarding Mishka's clothing expenses. I will ensure that the total costs for shorts, pants, and shoes are accurately computed and that the final summation is correct. My output will include a step-by-step validation of the analysis, culminating in the final result without any units.
[BROKER-EMBEDDING] Top-1 (Threshold 0.3): ['Inspector_m3V5']
[BROKER] Predicted next task: The most suitable downstream role is **Mathematical Analyst_oL2o**. This role focuses on calculating the total cost of clothing items by identifying quantities and costs, computing individual totals, and summing them to find the overall expenditure. The output will be presented as a single number without any units, aligning perfectly with the task at hand.
[BROKER-EMBEDDING] Top-1 (Threshold 0.3): ['Mathematical Analyst_oL2o']
[BROKER] Predicted next task: The most suitable downstream role for this scenario is **Inspector_m3V5**. This role involves verifying the correctness of the mathematical analysis and calculations provided by the previous agent. The Inspector will ensure that the logic is sound and that the final result aligns with the calculations, providing a step-by-step validation of the process.
[BROKER-EMBEDDING] Top-1 (Threshold 0.3): ['Inspector_m3V5']
[BROKER] Predicted next task: The most suitable downstream role is **Mathematical Analyst_oL2o**. This role focuses on calculating the total cost of ice cream for Cynthia over a 60-day period by determining the number of servings, the required cartons, and the total cost. It involves a clear step-by-step approach to present the final result as a single number without any units, aligning perfectly with the previous agent's accurate calculations.
[BROKER-EMBEDDING] Top-1 (Threshold 0.3): ['Mathematical Analyst_oL2o']
[BROKER] Predicted next task: As an Inspector, I will evaluate the mathematical analysis provided by the previous agent, ensuring the logic and calculations are accurate. I will verify the steps taken to solve the problem and confirm that they align with the final result. If applicable, I will also assess any code provided to ensure it corresponds correctly to the solution analysis. My output will include a step-by-step breakdown of the reasoning, concluding with the final result.
[BROKER-EMBEDDING] Top-1 (Threshold 0.3): ['Inspector_m3V5']
[BROKER] Predicted next task: The most suitable downstream role is **Mathematical Analyst_oL2o**. This role focuses on solving specific distance problems by identifying key distances, performing necessary calculations, and presenting the final result clearly and concisely. The analyst will summarize the findings based on the previous agent's output, ensuring accuracy in the calculations and clarity in the presentation of the final answer.
[BROKER-EMBEDDING] Top-1 (Threshold 0.3): ['Math Solver_Jb4y']
[BROKER] Predicted next task: As an Inspector, I will verify the logic and calculations provided by previous agents regarding the math problem. I will ensure that the analysis is correct and that any corresponding code aligns with the solution process. Additionally, I will provide my own step-by-step reasoning based on the hints given, ultimately presenting the final result clearly and concisely.
[BROKER-EMBEDDING] Top-1 (Threshold 0.3): ['Inspector_m3V5']
[BROKER] Predicted next task: The most suitable downstream role for this scenario is **Mathematical Analyst_oL2o**. This role involves solving a word problem related to budgeting for shoes by defining variables, setting up equations based on the provided information, and calculating the costs step-by-step. The final answer will be presented as a single number without any units, aligning perfectly with the task at hand.
[BROKER-EMBEDDING] Top-1 (Threshold 0.3): ['Mathematical Analyst_oL2o']
[BROKER] Predicted next task: The most suitable downstream role for this scenario is **Inspector_m3V5**. This role involves verifying the correctness of the mathematical analysis and calculations provided by the previous agent, ensuring that the logic is sound and that the final result aligns with the problem-solving process. The Inspector will also provide a step-by-step explanation based on the hints given, culminating in a concise final answer.
[BROKER-EMBEDDING] Top-1 (Threshold 0.3): ['Inspector_m3V5']
[BROKER] Predicted next task: The most suitable downstream role for this scenario is **Mathematical Analyst_oL2o**. This role specializes in age-related ratio problems, allowing for the setup of equations based on the given ratios and total age. The analyst will calculate the current ages of Darrell and Allen and determine Allen's age in 10 years, presenting the final result as a single number without any units.
[BROKER-EMBEDDING] Top-1 (Threshold 0.3): ['Mathematical Analyst_oL2o']
[BROKER] Predicted next task: The most suitable downstream role is **Inspector_m3V5**. This role involves verifying the logic and calculations provided by the Mathematical Analyst regarding the average guess of Gunter's friends. The Inspector will ensure the analysis is correct, confirm the calculations are accurate, and provide a final result based on the established reasoning.
[BROKER-EMBEDDING] Top-1 (Threshold 0.3): ['Inspector_m3V5']
[BROKER] Predicted next task: The most suitable downstream role is **Mathematical Analyst_oL2o**. This role focuses on calculating the average guess of Gunter's friends by identifying and analyzing their individual guesses step by step, ultimately presenting the final average as a single number without any units.
[BROKER-EMBEDDING] Top-1 (Threshold 0.3): ['Mathematical Analyst_oL2o']
[BROKER] Predicted next task: The most suitable downstream role is [Inspector_m3V5]. This role involves verifying the correctness of the mathematical analysis provided by the previous agent, ensuring that the calculations are accurate and logically sound. The Inspector will also confirm that the final result aligns with the analysis, providing a step-by-step breakdown of the reasoning process. The final output will present the result without any units, maintaining clarity and precision.
[BROKER-EMBEDDING] Top-1 (Threshold 0.3): ['Inspector_m3V5']
[BROKER] Predicted next task: The most suitable downstream role is **Mathematical Analyst_oL2o**. This role focuses on calculating the total time John spends taking care of 10 dogs by determining the daily time spent and then calculating the weekly total. The analyst will present the final result as a single number without any units, ensuring clarity and precision in the calculation process.
[BROKER-EMBEDDING] Top-1 (Threshold 0.3): ['Mathematical Analyst_oL2o']
[BROKER] Predicted next task: As an Inspector, I will evaluate the mathematical analysis provided by previous agents, ensuring the logic and calculations are accurate. I will also verify if any accompanying code aligns with the solution process. My role involves a step-by-step breakdown of the problem-solving approach based on the hints given, culminating in a final result presented without units.
[BROKER-EMBEDDING] Top-1 (Threshold 0.3): ['Inspector_m3V5']
[BROKER] Predicted next task: The most suitable downstream role is **Mathematical Analyst_oL2o**. This role involves defining variables, setting up equations based on the given information, and solving the equations step by step to find the values of the coins. The final output will only include the number of gold coins, aligning perfectly with the previous agent's detailed solution process.
[BROKER-EMBEDDING] Top-1 (Threshold 0.3): ['Mathematical Analyst_oL2o']