/home/tiger/miniconda3/envs/raps/lib/python3.12/site-packages/class_registry/entry_points.py:7: UserWarning: pkg_resources is deprecated as an API. See https://setuptools.pypa.io/en/latest/pkg_resources.html. The pkg_resources package is slated for removal as early as 2025-11-30. Refrain from using this package or pin to Setuptools<81.
  from pkg_resources import iter_entry_points
PROG:: failures 1/35  recovered=1
PROG:: failures 2/35  recovered=2
PROG:: failures 3/35  recovered=3
Example
Example_1
Example_2
Example-3

a
Example-4
a_b_c
a-b_c
Example
Example_1
Example_2
Example-3

a
Example-4
a_b_c
a-b_c
PROG:: failures 4/35  recovered=3
PROG:: failures 5/35  recovered=3
True
False
False
False
True
False
False
False
True
True
False
False
False
False
False
True
False
False
True
False
False
False
True
False
False
False
True
True
False
False
False
False
False
True
False
False
PROG:: failures 6/35  recovered=3
0b11
-1
0b1111
0b11010
0b11
-1
0b1111
0b11010
0b11
-1
0b1111
0b11010
0b11
-1
0b1111
0b11010
0b11
-1
0b1111
0b11010
0b11
-1
0b1111
0b11010
0b11
-1
0b1111
0b11010
0b11
-1
0b1111
0b11010
0b11
-1
0b1111
0b11010
PROG:: failures 7/35  recovered=4
PROG:: failures 8/35  recovered=5
PROG:: failures 9/35  recovered=5
[0, 1, 1, 2]
[0, 1, 1, 2]
[1, 3, 2.0, 8.0]
[1, 3, 2.0, 8.0]
[1, 3, 2, 7]
[1, 3, 2, 7]
[1, 3, 2, 7]
[1, 3, 2, 7]
[1, 3, 2.0, 8.0]
PROG:: failures 10/35  recovered=6
[1, 2, 1]
[1]
[1, 2, 1]
[1]
[1, 2, 1]
[1]
[1, 2, 1]
[1]
[1, 2, 1]
[1]
[1, 2, 1]
[1]
PROG:: failures 11/35  recovered=6
TgST
tHkS kS c MgSScGg
TgST
tHkS kS c MgSScGg
TGST
tHKS KS C MGSSCGG
TGST
tHKS KS C MGSSCGG
TgST
tHkS kS c MgSScGg
TgST
tHkS kS c MgSScGg
TGST
tHKS KS C MGSSCGG
TGST
tHKS KS C MGSSCGG
TGST
tHKS KS C MGSSCGG
PROG:: failures 12/35  recovered=6
PROG:: failures 13/35  recovered=6
PROG:: failures 14/35  recovered=7
PROG:: failures 15/35  recovered=8
PROG:: failures 16/35  recovered=9
PROG:: failures 17/35  recovered=10
[1, -1, 11, -11, -12]
[]
[1, -1, 11, -11, -12]
[]
[1, -1, 11, -11, -12]
[]
[1, -1, 11, -11, -12]
[]
[1, -1, 11, -11, -12]
[]
[1, -1, 11, -11, -12]
[]
[1, -1, 11, -11, -12]
[]
[1, -1, 11, -11, -12]
[]
[1, -1, 11, -11, -12]
[]
PROG:: failures 18/35  recovered=10
PROG:: failures 19/35  recovered=11
PROG:: failures 20/35  recovered=12
PROG:: failures 21/35  recovered=12
PROG:: failures 22/35  recovered=12
PROG:: failures 23/35  recovered=12
NO
YES
YES
NO
YES
YES
NO
YES
YES
NO
YES
YES
NO
YES
YES
NO
YES
YES
NO
YES
YES
NO
YES
YES
NO
YES
YES
PROG:: failures 24/35  recovered=12
PROG:: failures 25/35  recovered=12
PROG:: failures 26/35  recovered=13
PROG:: failures 27/35  recovered=13
2
4
2
-1
2
4
2
-1
PROG:: failures 28/35  recovered=14
PROG:: failures 29/35  recovered=15
PROG:: failures 30/35  recovered=16
True
True
True
True
True
True
True
True
True
PROG:: failures 31/35  recovered=16
PROG:: failures 32/35  recovered=17
[1, 2, 4, 3, 5]
[0, 1, 2, 4, 3]
[]
[1, 2, 4, 3, 5]
[0, 1, 2, 4, 3]
[]
[1, 2, 4, 3, 5]
[0, 1, 2, 4, 3]
[]
[1, 2, 4, 3, 5]
[0, 1, 2, 4, 3]
[]
[1, 2, 4, 3, 5]
[0, 1, 2, 4, 3]
[]
[1, 2, 4, 3, 5]
[0, 1, 2, 4, 3]
[]
[1, 2, 4, 3, 5]
[0, 1, 2, 4, 3]
[]
[1, 2, 4, 3, 5]
[0, 1, 2, 4, 3]
[]
[1, 2, 4, 3, 5]
[0, 1, 2, 4, 3]
[]
PROG:: failures 33/35  recovered=17
PROG:: failures 34/35  recovered=17
PROG:: failures 35/35  recovered=17
db1111db
db100000db
db1111db
db100000db
db1111db
db100000db
db-1db
db1111db
db100000db
db-1db
db1111db
db100000db
db-1db
RESULT:: recovered 17/35 baseline failures | breaks 0/15 passes
RESULT:: baseline=125/160=0.781  estimated cv+edge=(125+17-breaks)≈ 0.887 (no-break)  /  0.887 (break-adjusted)
