/home/tiger/miniconda3/envs/raps/lib/python3.12/site-packages/class_registry/entry_points.py:7: UserWarning: pkg_resources is deprecated as an API. See https://setuptools.pypa.io/en/latest/pkg_resources.html. The pkg_resources package is slated for removal as early as 2025-11-30. Refrain from using this package or pin to Setuptools<81.
  from pkg_resources import iter_entry_points
gold     baseline     tool_verify  change    question
[BROKER] Predicted next task: I am the Inspector. I will review the mathematical analysis and calculations provided by previous agents to ensure their logic and processes are correct. I will also verify if any corresponding code aligns with the solution analysis. My output will include a step-by-step breakdown of the reasoning, culminating in the final result without any units.
[BROKER-EMBEDDING] Top-1 (Threshold 0.3): ['Programming Expert_3XJ4']
[BROKER] Predicted next task: As the Inspector, I will verify the calculations and logic provided by the Mathematical Analyst regarding Marcy's pension. I will ensure that the analysis is accurate, check the calculations step by step, and confirm that the final result aligns with the problem-solving process. My output will include a thorough examination of the reasoning and conclude with the final pension amount without any units.
[BROKER-EMBEDDING] Top-1 (Threshold 0.3): ['Inspector_Ko6o']
25000    25000 OK     25000 OK               If Marcy works for the same company for 40 yea
[BROKER] Predicted next task: As an Inspector, I will verify the accuracy of the mathematical analysis and calculations provided by previous agents regarding Carla's download process. I will ensure that the logic is sound and that the calculations align with the problem statement. Additionally, I will provide my own step-by-step reasoning based on the hints given, culminating in a final result without any units.
[BROKER-EMBEDDING] Top-1 (Threshold 0.3): ['Inspector_bNgP']
[BROKER] Predicted next task: I will take on the role of Inspector_Ko6o. My task is to verify the logic and calculations provided by the Mathematical Analyst regarding Carla's download time. I will ensure that the analysis is correct and that the calculations align with the problem-solving process. Finally, I will present the final result based on my verification.
[BROKER-EMBEDDING] Top-1 (Threshold 0.3): ['Inspector_Ko6o']
160      120 X        120 X                  Carla is downloading a 200 GB file. Normally s
[BROKER] Predicted next task: As an Inspector, I will evaluate the mathematical analysis and calculations provided by previous agents, ensuring their logic is sound and accurate. I will also verify if any accompanying code aligns with the problem-solving process. My role involves a step-by-step examination of the reasoning and calculations, ultimately providing a final result based on the correctness of the analysis.
[BROKER-EMBEDDING] Top-1 (Threshold 0.3): ['Inspector_bNgP']
[BROKER] Predicted next task: As a Math Solver_V2HA, I will analyze the provided mathematical problem and hints from previous agents, detailing my step-by-step reasoning to arrive at the solution. My final output will present only the numerical answer without any units.
[BROKER-EMBEDDING] Top-1 (Threshold 0.3): ['Math Solver_V2HA']
400      400 OK       400 OK                 There are 700 bees in a hive. There are twice 
[BROKER] Predicted next task: The most suitable downstream role for this task is **Inspector_bNgP**. This role involves verifying the logic and calculations provided by the Mathematical Analyst, ensuring the accuracy of the analysis and final result. The Inspector will also provide a step-by-step breakdown of the reasoning process based on the hints given, culminating in a final result statement.
[BROKER-EMBEDDING] Top-1 (Threshold 0.3): ['Inspector_bNgP']
[BROKER] Predicted next task: As an Inspector, I will verify the accuracy of the mathematical analysis and calculations provided by previous agents. I will ensure that the logic is sound and that any corresponding code aligns with the solution process. My role involves a step-by-step examination of the problem-solving approach, ultimately confirming the final result without any units.
[BROKER-EMBEDDING] Top-1 (Threshold 0.3): ['Inspector_Ko6o']
9360     7380 X       9360 OK      FIX       A company pays each of its employees $600 in a
[BROKER] Predicted next task: As the Inspector, I will verify the accuracy of the mathematical analysis provided by the Mathematical Analyst. I will ensure that the calculations for each phase of John's journey are correct and that the final distance from home is accurately derived. I will also check if the logic aligns with the problem-solving process and confirm that any code, if present, corresponds to the analysis. My final output will present the correct answer without any units.
[BROKER-EMBEDDING] Top-1 (Threshold 0.3): ['Inspector_bNgP']
[BROKER] Predicted next task: As an Inspector, I will verify the accuracy of the mathematical analysis and calculations provided by previous agents. I will ensure that the logic is sound and that the calculations align with the problem-solving process. Additionally, I will provide my own step-by-step reasoning based on the hints given, culminating in a final result without any units.
[BROKER-EMBEDDING] Top-1 (Threshold 0.3): ['Inspector_Ko6o']
45       45 OK        45 OK                  John drives for 3 hours at a speed of 60 mph a

HARD SET: baseline 3/5  tool_verify 4/5  | fixes=1 breaks=0
