/home/tiger/miniconda3/envs/raps/lib/python3.12/site-packages/class_registry/entry_points.py:7: UserWarning: pkg_resources is deprecated as an API. See https://setuptools.pypa.io/en/latest/pkg_resources.html. The pkg_resources package is slated for removal as early as 2025-11-30. Refrain from using this package or pin to Setuptools<81.
  from pkg_resources import iter_entry_points
idx   gold      baseline      tool_verify   change
[BROKER] Predicted next task: As the Inspector, I will verify the accuracy of the mathematical analysis provided by the Mathematical Analyst. I will ensure that the calculations regarding the amounts of water in the orange and pineapple drinks, as well as the total volume and final result, are correct. I will also confirm that the logic used in the problem-solving process aligns with the conclusions drawn. Finally, I will present the final result succinctly.
[BROKER-EMBEDDING] Top-1 (Threshold 0.3): ['Inspector_wnNq']
[BROKER] Predicted next task: As an Inspector, I will verify the accuracy of the mathematical analysis and calculations provided by previous agents. I will ensure that the logic is sound and that any code aligns with the solution analysis. My role involves a step-by-step review of the problem-solving process, culminating in a final result that reflects the correctness of the computations.
[BROKER-EMBEDDING] Top-1 (Threshold 0.3): ['Inspector_NE5y']
20    15        15 OK         15 OK         
[BROKER] Predicted next task: As an Inspector, I will verify the accuracy of the mathematical analysis provided by previous agents, ensuring that the logic and calculations are correct. I will also assess any corresponding code for alignment with the solution analysis. My output will include a step-by-step breakdown of the reasoning process, culminating in a final result presented without units.
[BROKER-EMBEDDING] Top-1 (Threshold 0.3): ['Inspector_wnNq']
[BROKER] Predicted next task: As an Inspector, I will verify the logic and calculations provided by previous agents regarding the ages of Raymond and his son. I will ensure that the analysis is correct and that any corresponding code aligns with the solution. My output will include a step-by-step breakdown of the reasoning process, culminating in the final result without any units.
[BROKER-EMBEDDING] Top-1 (Threshold 0.3): ['Inspector_NE5y']
21    14        14 OK         14 OK         
[BROKER] Predicted next task: As the Inspector, I will verify the accuracy of the mathematical analysis provided by the Mathematical Analyst regarding the total number of DVDs sold by Billy on Tuesday. I will ensure that the calculations are correct, the logic is sound, and that any code, if present, aligns with the analysis. My final output will summarize the result succinctly.
[BROKER-EMBEDDING] Top-1 (Threshold 0.3): ['Inspector_wnNq']
[BROKER] Predicted next task: The most suitable downstream role is **Inspector_NE5y**. This role involves verifying the logic and calculations provided by the Mathematical Analyst regarding the total number of DVDs sold. The Inspector will ensure the analysis is correct, confirm the calculations align with the problem-solving process, and provide a final result based on the validated information.
[BROKER-EMBEDDING] Top-1 (Threshold 0.3): ['Inspector_NE5y']
22    7         7 OK          7 OK          
[BROKER] Predicted next task: The most suitable downstream role for this scenario is **Inspector_wnNq**. This role involves verifying the correctness of the mathematical analysis provided by the previous agent, ensuring that the calculations and logic are accurate. The Inspector will also provide a step-by-step explanation based on the hints given, culminating in a final result. This aligns well with the need to confirm the validity of the solution regarding the candle's melting process.
[BROKER-EMBEDDING] Top-1 (Threshold 0.3): ['Inspector_wnNq']
[BROKER] Predicted next task: The most suitable downstream role is **Inspector_NE5y**. This role involves verifying the logic and calculations provided by the Mathematical Analyst, ensuring the analysis is correct, and confirming that the conclusions drawn align with the calculations. The Inspector will also provide a step-by-step solving process based on the hints given, culminating in a final result without any units.
[BROKER-EMBEDDING] Top-1 (Threshold 0.3): ['Inspector_NE5y']
23    8         8 OK          8 OK          
[BROKER] Predicted next task: As the Inspector, I will verify the mathematical analysis provided by the Mathematical Analyst, ensuring the logic and calculations are correct. I will also check if any corresponding code aligns with the solution process. My output will include a step-by-step breakdown of the reasoning, culminating in the final result presented without units.
[BROKER-EMBEDDING] Top-1 (Threshold 0.3): ['Inspector_wnNq']
[BROKER] Predicted next task: The most suitable downstream role is **Inspector_NE5y**. This role involves verifying the correctness of the mathematical analysis provided by the Mathematical Analyst, ensuring that the logic and calculations are accurate. Additionally, the Inspector will provide a step-by-step solving process based on the hints given, culminating in a final result. This aligns well with the need to confirm the original price of the book as calculated.
[BROKER-EMBEDDING] Top-1 (Threshold 0.3): ['Inspector_NE5y']
24    26        26 OK         26 OK         
[BROKER] Predicted next task: As the Inspector, I will verify the accuracy of the mathematical analysis and calculations provided by previous agents. I will ensure that the logic is sound and that any corresponding code aligns with the solution process. My output will include a step-by-step breakdown of the reasoning, culminating in a final result presented without units.
[BROKER-EMBEDDING] Top-1 (Threshold 0.3): ['Inspector_wnNq']
[BROKER] Predicted next task: As the next agent in the multi-agent system, I will take on the role of [Math Solver_u3UM]. My responsibility is to analyze the math problem and hints provided by previous agents, then solve the problem step by step. I will present my reasoning clearly and conclude with the final result, ensuring it is formatted correctly without any units.
[BROKER-EMBEDDING] Top-1 (Threshold 0.3): ['Math Solver_u3UM']
25    2         2 OK          2 OK          
[BROKER] Predicted next task: As the Inspector, I will verify the calculations and logic provided by the Mathematical Analyst regarding Mishka's total expenditure. I will ensure that the analysis is accurate and that the calculations align with the problem-solving process. My final output will summarize the correctness of the findings and present the total expenditure succinctly.
[BROKER-EMBEDDING] Top-1 (Threshold 0.3): ['Inspector_wnNq']
[BROKER] Predicted next task: The most suitable downstream role is [Inspector_NE5y]. This role involves verifying the accuracy of the mathematical analysis provided by the previous agent, ensuring that the calculations and logic are correct. The Inspector will also summarize the solving process step by step and present the final result clearly.
[BROKER-EMBEDDING] Top-1 (Threshold 0.3): ['Inspector_NE5y']
26    243       243 OK        243 OK        
[BROKER] Predicted next task: The most suitable downstream role for this scenario is **Inspector_wnNq**. This role involves verifying the logic and calculations provided by the Mathematical Analyst regarding Cynthia's ice cream expenditure. The Inspector will ensure the accuracy of the analysis and calculations, confirming that the final result aligns with the problem-solving process.
[BROKER-EMBEDDING] Top-1 (Threshold 0.3): ['Inspector_wnNq']
[BROKER] Predicted next task: The most suitable downstream role for this scenario is **Inspector_NE5y**. This role involves verifying the logic and calculations provided by the Mathematical Analyst regarding Cynthia's ice cream expenditure. The Inspector will ensure that the analysis is accurate and that the calculations align with the problem-solving process, ultimately confirming the final result.
[BROKER-EMBEDDING] Top-1 (Threshold 0.3): ['Inspector_NE5y']
27    16        16 OK         16 OK         

TOTAL baseline 8/8  tool_verify 8/8  | fixes=0 breaks=0
