/home/tiger/miniconda3/envs/raps/lib/python3.12/site-packages/class_registry/entry_points.py:7: UserWarning: pkg_resources is deprecated as an API. See https://setuptools.pypa.io/en/latest/pkg_resources.html. The pkg_resources package is slated for removal as early as 2025-11-30. Refrain from using this package or pin to Setuptools<81.
  from pkg_resources import iter_entry_points
gold    baseline     tool(code)   change
[BROKER] Predicted next task: The most suitable downstream role is **Inspector_cQDR**. This role involves verifying the accuracy of the mathematical analysis provided by the previous agent, ensuring that the calculations and logic are correct. The Inspector will also provide a step-by-step breakdown of the solution process based on the hints given, ultimately confirming the final result.
[BROKER-EMBEDDING] Top-1 (Threshold 0.3): ['Inspector_cQDR'] | scores=[0.667]
[BROKER] Predicted next task: The most suitable downstream role for this task is **Mathematical Analyst_ZeAJ**. This role specializes in cost calculations and will analyze the total cost of Chad's burrito order step by step, starting from the base price and adding the costs of each additional item, before subtracting the gift card value to present the final amount owed.
[BROKER-EMBEDDING] Top-1 (Threshold 0.3): ['Mathematical Analyst_ZeAJ'] | scores=[0.781]
[BROKER] Predicted next task: As the Inspector, I will verify the accuracy of the mathematical analysis provided by the Mathematical Analyst regarding Chad's burrito order cost. I will ensure that the calculations are correct, the logic is sound, and that any code aligns with the solution analysis. My final output will summarize the correctness of the calculations and present the final result succinctly.
[BROKER-EMBEDDING] Top-1 (Threshold 0.3): ['Inspector_myUY'] | scores=[0.456]
[BROKER] Predicted next task: The most suitable downstream role for this scenario is **Mathematical Analyst_tomm**. This role focuses on calculating the total cost of Chad's customized burrito order by breaking down the costs step by step, starting from the base price and adding the costs of additional items, followed by subtracting the gift card value to determine the final amount owed. The output will be presented as a single number without any units.
[BROKER-EMBEDDING] Top-1 (Threshold 0.3): ['Mathematical Analyst_tomm'] | scores=[0.778]
9       9 OK         9 OK         
[BROKER] Predicted next task: As the Inspector, I will evaluate the mathematical analysis provided by the Mathematical Analyst, ensuring the logic and calculations are accurate. I will verify the steps taken to maximize the number of popsicle sticks Frederick can produce within his budget constraints. If any discrepancies are found, I will provide a corrected step-by-step solution. My final output will include only the correct result without any units.
[BROKER-EMBEDDING] Top-1 (Threshold 0.3): ['Inspector_cQDR'] | scores=[0.359]
[BROKER] Predicted next task: The most suitable downstream role is **Mathematical Analyst_ZeAJ**. This role focuses on optimizing the production of popsicle sticks within budget constraints, requiring a step-by-step calculation of costs and outputs based on the quantities of different wood types purchased. The analyst will prioritize cost-effectiveness while ensuring the maximum number of sticks is produced, presenting the final result clearly.
[BROKER-EMBEDDING] Top-1 (Threshold 0.3): ['Mathematical Analyst_ZeAJ'] | scores=[0.79]
[BROKER] Predicted next task: I am a Math Solver. I will analyze the provided mathematical problem and hints from other agents, then present a step-by-step solution process. My final output will include only the result, without any units, ensuring clarity and precision in the answer.
[BROKER-EMBEDDING] Top-1 (Threshold 0.3): ['Math Solver_niER'] | scores=[0.921]
[BROKER] Predicted next task: As an Inspector, you will evaluate the logic and calculations provided by previous agents regarding the math problem. Your role involves verifying the correctness of the analysis and ensuring that any accompanying code aligns with the solution. You will also provide your own step-by-step solving process based on the hints given. Finally, you will present the result succinctly, ensuring clarity and accuracy in the final output.
[BROKER-EMBEDDING] Top-1 (Threshold 0.3): ['Inspector_myUY'] | scores=[0.919]
1600    1600 OK      1600 OK      
[BROKER] Predicted next task: The most suitable downstream role for this scenario is **Math Solver_VR23**. This role focuses on providing a step-by-step solving process for math problems based on hints from previous agents. It emphasizes clarity in calculations and presents the final result succinctly, making it ideal for confirming the total expenses calculated by the Mathematical Analyst.
[BROKER-EMBEDDING] Top-1 (Threshold 0.3): ['Inspector_cQDR'] | scores=[0.558]
[BROKER] Predicted next task: The most suitable downstream role for this scenario is **Mathematical Analyst_ZeAJ**. This role focuses on calculating total expenses by breaking down individual components, using variables for each cost, and performing step-by-step calculations to arrive at the final total. The emphasis on detailed analysis and structured presentation aligns well with the task of summarizing Scarlett's aquarium expenses accurately.
[BROKER-EMBEDDING] Top-1 (Threshold 0.3): ['Mathematical Analyst_ZeAJ'] | scores=[0.734]
[BROKER] Predicted next task: As the Inspector, I will verify the calculations and logic provided by the Mathematical Analyst regarding Scarlett's aquarium expenses. I will ensure that each cost component is accurately calculated and that the final total is correct. My output will include a step-by-step breakdown of the verification process, culminating in the final result without any units.
[BROKER-EMBEDDING] Top-1 (Threshold 0.3): ['Inspector_myUY'] | scores=[0.458]
[BROKER] Predicted next task: The most suitable downstream role is **Mathematical Analyst_tomm**. This role focuses on calculating total expenses by breaking down costs step by step, ensuring clarity in the process. The analyst will identify each component's cost, sum them accurately, and present the final result as a single number without any units, aligning perfectly with the task of verifying Scarlett's aquarium expenses.
[BROKER-EMBEDDING] Top-1 (Threshold 0.3): ['Mathematical Analyst_tomm'] | scores=[0.744]
33      33 OK        33 OK        
[BROKER] Predicted next task: As the Inspector, I will verify the calculations and logic provided by the Mathematical Analyst regarding Marcus's total bill. I will ensure that the breakdown of costs, subtotal, discount application, and final total are accurate. Additionally, I will confirm that the reasoning aligns with the mathematical principles involved. My final output will present the correct total based on the analysis.
[BROKER-EMBEDDING] Top-1 (Threshold 0.3): ['Inspector_cQDR'] | scores=[0.484]
[BROKER] Predicted next task: The most suitable downstream role for calculating Marcus's total bill is **Mathematical Analyst_ZeAJ**. This role focuses on breaking down costs for each item, summing them to find the subtotal, applying the discount, and presenting the final result as a single number without any units. This aligns perfectly with the task of calculating the total bill based on the detailed breakdown provided by the previous agent.
[BROKER-EMBEDDING] Top-1 (Threshold 0.3): ['Mathematical Analyst_ZeAJ'] | scores=[0.669]
[BROKER] Predicted next task: The most suitable downstream role for this task is **Inspector_myUY**. This role involves verifying the accuracy of the mathematical analysis and calculations provided by the previous agent. The Inspector will ensure that the breakdown of costs, subtotal, discount application, and final total are all correct, and will present the final result clearly.
[BROKER-EMBEDDING] Top-1 (Threshold 0.3): ['Inspector_myUY'] | scores=[0.615]
[BROKER] Predicted next task: The most suitable downstream role for this task is **Mathematical Analyst_tomm**. This role focuses on calculating the total bill by breaking down costs for each item, summing them to find the subtotal, and applying a discount to determine the final total. The output is presented as a single number without any units, aligning perfectly with the requirements of the task at hand.
[BROKER-EMBEDDING] Top-1 (Threshold 0.3): ['Mathematical Analyst_tomm'] | scores=[0.722]
45      45 OK        45 OK        
[BROKER] Predicted next task: As the Inspector, I will verify the calculations and logic provided by the Mathematical Analyst regarding Rory's delivery order. I will ensure that each step of the cost breakdown, including the subtotal, delivery fee, and final total, is accurate. Additionally, I will confirm that the reasoning aligns with the final result. My output will summarize the correctness of the analysis and present the final total succinctly.
[BROKER-EMBEDDING] Top-1 (Threshold 0.3): ['Inspector_cQDR'] | scores=[0.49]
[BROKER] Predicted next task: The most suitable downstream role for calculating the total cost of Rory's delivery order is **Mathematical Analyst_ZeAJ**. This role focuses on breaking down the costs of items ordered, calculating the subtotal, applying the delivery fee, and adding the tip, ultimately presenting the final total as a single number without any units.
[BROKER-EMBEDDING] Top-1 (Threshold 0.3): ['Mathematical Analyst_ZeAJ'] | scores=[0.638]
[BROKER] Predicted next task: As the Inspector, I will verify the accuracy of the calculations and logic presented by the Mathematical Analyst regarding Rory's delivery order. I will ensure that each step of the analysis is correct and corresponds to the final result. My output will summarize the verification process and conclude with the final total cost.
[BROKER-EMBEDDING] Top-1 (Threshold 0.3): ['Inspector_myUY'] | scores=[0.494]
[BROKER] Predicted next task: The most suitable downstream role is **Mathematical Analyst_tomm**. This role specializes in cost calculations for delivery orders, requiring a clear step-by-step approach to compute the total cost, including item costs, delivery fees, and tips. The final output should be presented as a single numerical value without any units, aligning perfectly with the task at hand.
[BROKER-EMBEDDING] Top-1 (Threshold 0.3): ['Mathematical Analyst_tomm'] | scores=[0.632]
29      29 OK        29 OK        
[BROKER] Predicted next task: The most suitable downstream role is **Inspector_cQDR**. This role involves verifying the accuracy of the mathematical analysis provided by the previous agent, ensuring that the calculations and logic are correct. The Inspector will also provide a step-by-step breakdown of the solution process based on the hints given, culminating in a final result.
[BROKER-EMBEDDING] Top-1 (Threshold 0.3): ['Inspector_cQDR'] | scores=[0.677]
[BROKER] Predicted next task: The most suitable downstream role for this scenario is **Mathematical Analyst_ZeAJ**. This role focuses on calculating the remaining money Sally has after her purchases by breaking down the costs of each item, ensuring clarity in the calculation process, and presenting the final result as a single number without any units.
[BROKER-EMBEDDING] Top-1 (Threshold 0.3): ['Mathematical Analyst_ZeAJ'] | scores=[0.64]
[BROKER] Predicted next task: The most suitable downstream role is **Inspector_myUY**. This role involves verifying the logic and calculations provided by the Mathematical Analyst, ensuring the analysis is correct, and confirming that the final result aligns with the calculations. The Inspector will also provide a step-by-step breakdown of the reasoning process based on the hints given, culminating in a concise final result.
[BROKER-EMBEDDING] Top-1 (Threshold 0.3): ['Inspector_myUY'] | scores=[0.667]
[BROKER] Predicted next task: The most suitable downstream role is **Mathematical Analyst_tomm**. This role focuses on calculating the remaining money Sally has after her purchases by breaking down the costs of each item, summing them up, and subtracting the total from her initial amount. The output is presented as a single number without any units, aligning perfectly with the task at hand.
[BROKER-EMBEDDING] Top-1 (Threshold 0.3): ['Mathematical Analyst_tomm'] | scores=[0.702]
3       3 OK         3 OK         
[BROKER] Predicted next task: As the Inspector, I will verify the accuracy of the mathematical analysis and calculations provided by the Mathematical Analyst regarding the avocado tree's fruit production. I will ensure that the logic is sound and that the calculations align with the analysis. Additionally, I will summarize the findings and present the final result clearly.
[BROKER-EMBEDDING] Top-1 (Threshold 0.3): ['Inspector_cQDR'] | scores=[0.512]
[BROKER] Predicted next task: Based on the previous agent's output, the most suitable downstream role is [Mathematical Analyst_ZeAJ]. This role focuses on analyzing age-related fruit production calculations for avocado trees, requiring a step-by-step approach to define variables, calculate total production over a specified period, and account for specific conditions like zero production in certain years. The emphasis on detailed analysis aligns well with the context provided.
[BROKER-EMBEDDING] Top-1 (Threshold 0.3): ['Mathematical Analyst_ZeAJ'] | scores=[0.66]
[BROKER] Predicted next task: As the Inspector, I will verify the accuracy of the mathematical analysis and calculations provided by the Mathematical Analyst regarding the avocado tree's fruit production. I will ensure that the logic is sound and that the calculations align with the analysis. Additionally, I will provide my own step-by-step reasoning based on the hints given, culminating in a final result.
[BROKER-EMBEDDING] Top-1 (Threshold 0.3): ['Inspector_myUY'] | scores=[0.445]
[BROKER] Predicted next task: The most suitable downstream role is **Mathematical Analyst_tomm**. This role focuses on analyzing the fruit production calculations for the avocado tree step by step, defining variables for each age, substituting values, and ensuring accurate total production accounting for all years, including those with no output. The final result will be presented as a single number without any units.
[BROKER-EMBEDDING] Top-1 (Threshold 0.3): ['Mathematical Analyst_tomm'] | scores=[0.756]
